2026-09-10T17:23:29.673+05:30  INFO 20844 --- [zellpayment-api] [restartedMain] c.zellpayment.ZellpaymentApiApplication  : Starting ZellpaymentApiApplication using Java 26.0.2.1 with PID 20844 (C:\Xworkz Internship\zellpayment-api\zellpayment-api\build\classes\java\main started by SHASHANK in C:\Xworkz Internship\zellpayment-api\zellpayment-api)
2026-09-10T17:23:29.675+05:30 DEBUG 20844 --- [zellpayment-api] [restartedMain] c.zellpayment.ZellpaymentApiApplication  : Running with Spring Boot v4.1.1, Spring v7.0.9
2026-09-10T17:23:29.676+05:30  INFO 20844 --- [zellpayment-api] [restartedMain] c.zellpayment.ZellpaymentApiApplication  : No active profile set, falling back to 1 default profile: "default"
2026-09-10T17:23:29.716+05:30  INFO 20844 --- [zellpayment-api] [restartedMain] .e.DevToolsPropertyDefaultsPostProcessor : Devtools property defaults active! Set 'spring.devtools.add-properties' to 'false' to disable
2026-09-10T17:23:29.718+05:30  INFO 20844 --- [zellpayment-api] [restartedMain] .e.DevToolsPropertyDefaultsPostProcessor : For additional web related logging consider setting the 'logging.level.web' property to 'DEBUG'
2026-09-10T17:23:30.492+05:30  INFO 20844 --- [zellpayment-api] [restartedMain] .s.d.r.c.RepositoryConfigurationDelegate : Multiple Spring Data modules found, entering strict repository configuration mode
2026-09-10T17:23:30.494+05:30  INFO 20844 --- [zellpayment-api] [restartedMain] .s.d.r.c.RepositoryConfigurationDelegate : Bootstrapping Spring Data JPA repositories in DEFAULT mode.
2026-09-10T17:23:30.509+05:30  INFO 20844 --- [zellpayment-api] [restartedMain] .s.d.r.c.RepositoryConfigurationDelegate : Finished Spring Data repository scanning in 8 ms. Found 0 JPA repository interfaces.
2026-09-10T17:23:30.540+05:30  INFO 20844 --- [zellpayment-api] [restartedMain] .s.d.r.c.RepositoryConfigurationDelegate : Multiple Spring Data modules found, entering strict repository configuration mode
2026-09-10T17:23:30.540+05:30  INFO 20844 --- [zellpayment-api] [restartedMain] .s.d.r.c.RepositoryConfigurationDelegate : Bootstrapping Spring Data MongoDB repositories in DEFAULT mode.
2026-09-10T17:23:30.542+05:30  INFO 20844 --- [zellpayment-api] [restartedMain] .s.d.r.c.RepositoryConfigurationDelegate : Finished Spring Data repository scanning in 0 ms. Found 0 MongoDB repository interfaces.
2026-09-10T17:23:30.933+05:30  INFO 20844 --- [zellpayment-api] [restartedMain] o.s.boot.tomcat.TomcatWebServer          : Tomcat initialized with port 9090 (http)
2026-09-10T17:23:30.954+05:30  INFO 20844 --- [zellpayment-api] [restartedMain] o.apache.catalina.core.StandardService   : Starting service [Tomcat]
2026-09-10T17:23:30.955+05:30  INFO 20844 --- [zellpayment-api] [restartedMain] o.apache.catalina.core.StandardEngine    : Starting Servlet engine: [Apache Tomcat/11.0.24]
2026-09-10T17:23:31.001+05:30  INFO 20844 --- [zellpayment-api] [restartedMain] b.w.c.s.WebApplicationContextInitializer : Root WebApplicationContext: initialization completed in 1282 ms
2026-09-10T17:23:31.101+05:30  WARN 20844 --- [zellpayment-api] [restartedMain] ConfigServletWebServerApplicationContext : Exception encountered during context initialization - cancelling refresh attempt: org.springframework.beans.factory.BeanCreationException: Error creating bean with name 'entityManagerFactory' defined in class path resource [org/springframework/boot/hibernate/autoconfigure/HibernateJpaConfiguration.class]: Failed to initialize dependency 'inMemoryDatabaseShutdownExecutor' of LoadTimeWeaverAware bean 'entityManagerFactory': Error creating bean with name 'inMemoryDatabaseShutdownExecutor' defined in class path resource [org/springframework/boot/devtools/autoconfigure/DevToolsDataSourceAutoConfiguration.class]: Unsatisfied dependency expressed through method 'inMemoryDatabaseShutdownExecutor' parameter 0: Error creating bean with name 'dataSource' defined in class path resource [org/springframework/boot/jdbc/autoconfigure/DataSourceConfiguration$Hikari.class]: Failed to instantiate [com.zaxxer.hikari.HikariDataSource]: Factory method 'dataSource' threw exception with message: Failed to determine a suitable driver class
2026-09-10T17:23:31.104+05:30  INFO 20844 --- [zellpayment-api] [restartedMain] o.apache.catalina.core.StandardService   : Stopping service [Tomcat]
2026-09-10T17:23:31.119+05:30  INFO 20844 --- [zellpayment-api] [restartedMain] .s.b.a.l.ConditionEvaluationReportLogger : 

Error starting ApplicationContext. To display the condition evaluation report re-run your application with 'debug' enabled.
2026-09-10T17:23:31.130+05:30 ERROR 20844 --- [zellpayment-api] [restartedMain] o.s.b.d.LoggingFailureAnalysisReporter   : 

***************************
APPLICATION FAILED TO START
***************************

Description:

Failed to configure a DataSource: 'url' attribute is not specified and no embedded datasource could be configured.

Reason: Failed to determine a suitable driver class


Action:

Consider the following:
	If you want an embedded database (H2, HSQL or Derby), please put it on the classpath.
	If you have database settings to be loaded from a particular profile you may need to activate it (no profiles are currently active).

2026-09-10T17:23:33.863+05:30  INFO 26272 --- [zellpayment-api] [restartedMain] c.zellpayment.ZellpaymentApiApplication  : Starting ZellpaymentApiApplication using Java 26.0.2.1 with PID 26272 (C:\Xworkz Internship\zellpayment-api\zellpayment-api\build\classes\java\main started by SHASHANK in C:\Xworkz Internship\zellpayment-api\zellpayment-api)
2026-09-10T17:23:33.865+05:30 DEBUG 26272 --- [zellpayment-api] [restartedMain] c.zellpayment.ZellpaymentApiApplication  : Running with Spring Boot v4.1.1, Spring v7.0.9
2026-09-10T17:23:33.866+05:30  INFO 26272 --- [zellpayment-api] [restartedMain] c.zellpayment.ZellpaymentApiApplication  : No active profile set, falling back to 1 default profile: "default"
2026-09-10T17:23:33.912+05:30  INFO 26272 --- [zellpayment-api] [restartedMain] .e.DevToolsPropertyDefaultsPostProcessor : Devtools property defaults active! Set 'spring.devtools.add-properties' to 'false' to disable
2026-09-10T17:23:33.913+05:30  INFO 26272 --- [zellpayment-api] [restartedMain] .e.DevToolsPropertyDefaultsPostProcessor : For additional web related logging consider setting the 'logging.level.web' property to 'DEBUG'
2026-09-10T17:23:34.631+05:30  INFO 26272 --- [zellpayment-api] [restartedMain] .s.d.r.c.RepositoryConfigurationDelegate : Multiple Spring Data modules found, entering strict repository configuration mode
2026-09-10T17:23:34.633+05:30  INFO 26272 --- [zellpayment-api] [restartedMain] .s.d.r.c.RepositoryConfigurationDelegate : Bootstrapping Spring Data JPA repositories in DEFAULT mode.
2026-09-10T17:23:34.651+05:30  INFO 26272 --- [zellpayment-api] [restartedMain] .s.d.r.c.RepositoryConfigurationDelegate : Finished Spring Data repository scanning in 9 ms. Found 0 JPA repository interfaces.
2026-09-10T17:23:34.686+05:30  INFO 26272 --- [zellpayment-api] [restartedMain] .s.d.r.c.RepositoryConfigurationDelegate : Multiple Spring Data modules found, entering strict repository configuration mode
2026-09-10T17:23:34.686+05:30  INFO 26272 --- [zellpayment-api] [restartedMain] .s.d.r.c.RepositoryConfigurationDelegate : Bootstrapping Spring Data MongoDB repositories in DEFAULT mode.
2026-09-10T17:23:34.689+05:30  INFO 26272 --- [zellpayment-api] [restartedMain] .s.d.r.c.RepositoryConfigurationDelegate : Finished Spring Data repository scanning in 1 ms. Found 0 MongoDB repository interfaces.
2026-09-10T17:23:35.303+05:30  INFO 26272 --- [zellpayment-api] [restartedMain] o.s.boot.tomcat.TomcatWebServer          : Tomcat initialized with port 9090 (http)
2026-09-10T17:23:35.335+05:30  INFO 26272 --- [zellpayment-api] [restartedMain] o.apache.catalina.core.StandardService   : Starting service [Tomcat]
2026-09-10T17:23:35.336+05:30  INFO 26272 --- [zellpayment-api] [restartedMain] o.apache.catalina.core.StandardEngine    : Starting Servlet engine: [Apache Tomcat/11.0.24]
2026-09-10T17:23:35.402+05:30  INFO 26272 --- [zellpayment-api] [restartedMain] b.w.c.s.WebApplicationContextInitializer : Root WebApplicationContext: initialization completed in 1489 ms
2026-09-10T17:23:35.535+05:30  WARN 26272 --- [zellpayment-api] [restartedMain] ConfigServletWebServerApplicationContext : Exception encountered during context initialization - cancelling refresh attempt: org.springframework.beans.factory.BeanCreationException: Error creating bean with name 'entityManagerFactory' defined in class path resource [org/springframework/boot/hibernate/autoconfigure/HibernateJpaConfiguration.class]: Failed to initialize dependency 'inMemoryDatabaseShutdownExecutor' of LoadTimeWeaverAware bean 'entityManagerFactory': Error creating bean with name 'inMemoryDatabaseShutdownExecutor' defined in class path resource [org/springframework/boot/devtools/autoconfigure/DevToolsDataSourceAutoConfiguration.class]: Unsatisfied dependency expressed through method 'inMemoryDatabaseShutdownExecutor' parameter 0: Error creating bean with name 'dataSource' defined in class path resource [org/springframework/boot/jdbc/autoconfigure/DataSourceConfiguration$Hikari.class]: Failed to instantiate [com.zaxxer.hikari.HikariDataSource]: Factory method 'dataSource' threw exception with message: Failed to determine a suitable driver class
2026-09-10T17:23:35.539+05:30  INFO 26272 --- [zellpayment-api] [restartedMain] o.apache.catalina.core.StandardService   : Stopping service [Tomcat]
2026-09-10T17:23:35.559+05:30  INFO 26272 --- [zellpayment-api] [restartedMain] .s.b.a.l.ConditionEvaluationReportLogger : 

Error starting ApplicationContext. To display the condition evaluation report re-run your application with 'debug' enabled.
2026-09-10T17:23:35.576+05:30 ERROR 26272 --- [zellpayment-api] [restartedMain] o.s.b.d.LoggingFailureAnalysisReporter   : 

***************************
APPLICATION FAILED TO START
***************************

Description:

Failed to configure a DataSource: 'url' attribute is not specified and no embedded datasource could be configured.

Reason: Failed to determine a suitable driver class


Action:

Consider the following:
	If you want an embedded database (H2, HSQL or Derby), please put it on the classpath.
	If you have database settings to be loaded from a particular profile you may need to activate it (no profiles are currently active).

2026-09-10T17:25:00.518+05:30  INFO 16032 --- [zellpayment-api] [restartedMain] c.zellpayment.ZellpaymentApiApplication  : Starting ZellpaymentApiApplication using Java 26.0.2.1 with PID 16032 (C:\Xworkz Internship\zellpayment-api\zellpayment-api\build\classes\java\main started by SHASHANK in C:\Xworkz Internship\zellpayment-api\zellpayment-api)
2026-09-10T17:25:00.521+05:30 DEBUG 16032 --- [zellpayment-api] [restartedMain] c.zellpayment.ZellpaymentApiApplication  : Running with Spring Boot v4.1.1, Spring v7.0.9
2026-09-10T17:25:00.522+05:30  INFO 16032 --- [zellpayment-api] [restartedMain] c.zellpayment.ZellpaymentApiApplication  : No active profile set, falling back to 1 default profile: "default"
2026-09-10T17:25:00.595+05:30  INFO 16032 --- [zellpayment-api] [restartedMain] .e.DevToolsPropertyDefaultsPostProcessor : Devtools property defaults active! Set 'spring.devtools.add-properties' to 'false' to disable
2026-09-10T17:25:00.595+05:30  INFO 16032 --- [zellpayment-api] [restartedMain] .e.DevToolsPropertyDefaultsPostProcessor : For additional web related logging consider setting the 'logging.level.web' property to 'DEBUG'
2026-09-10T17:25:01.471+05:30  INFO 16032 --- [zellpayment-api] [restartedMain] .s.d.r.c.RepositoryConfigurationDelegate : Multiple Spring Data modules found, entering strict repository configuration mode
2026-09-10T17:25:01.473+05:30  INFO 16032 --- [zellpayment-api] [restartedMain] .s.d.r.c.RepositoryConfigurationDelegate : Bootstrapping Spring Data JPA repositories in DEFAULT mode.
2026-09-10T17:25:01.489+05:30  INFO 16032 --- [zellpayment-api] [restartedMain] .s.d.r.c.RepositoryConfigurationDelegate : Finished Spring Data repository scanning in 8 ms. Found 0 JPA repository interfaces.
2026-09-10T17:25:01.513+05:30  INFO 16032 --- [zellpayment-api] [restartedMain] .s.d.r.c.RepositoryConfigurationDelegate : Multiple Spring Data modules found, entering strict repository configuration mode
2026-09-10T17:25:01.514+05:30  INFO 16032 --- [zellpayment-api] [restartedMain] .s.d.r.c.RepositoryConfigurationDelegate : Bootstrapping Spring Data MongoDB repositories in DEFAULT mode.
2026-09-10T17:25:01.516+05:30  INFO 16032 --- [zellpayment-api] [restartedMain] .s.d.r.c.RepositoryConfigurationDelegate : Finished Spring Data repository scanning in 0 ms. Found 0 MongoDB repository interfaces.
2026-09-10T17:25:01.955+05:30  INFO 16032 --- [zellpayment-api] [restartedMain] o.s.boot.tomcat.TomcatWebServer          : Tomcat initialized with port 9090 (http)
2026-09-10T17:25:01.977+05:30  INFO 16032 --- [zellpayment-api] [restartedMain] o.apache.catalina.core.StandardService   : Starting service [Tomcat]
2026-09-10T17:25:01.977+05:30  INFO 16032 --- [zellpayment-api] [restartedMain] o.apache.catalina.core.StandardEngine    : Starting Servlet engine: [Apache Tomcat/11.0.24]
2026-09-10T17:25:02.029+05:30  INFO 16032 --- [zellpayment-api] [restartedMain] b.w.c.s.WebApplicationContextInitializer : Root WebApplicationContext: initialization completed in 1433 ms
2026-09-10T17:25:02.131+05:30  WARN 16032 --- [zellpayment-api] [restartedMain] ConfigServletWebServerApplicationContext : Exception encountered during context initialization - cancelling refresh attempt: org.springframework.beans.factory.BeanCreationException: Error creating bean with name 'entityManagerFactory' defined in class path resource [org/springframework/boot/hibernate/autoconfigure/HibernateJpaConfiguration.class]: Failed to initialize dependency 'inMemoryDatabaseShutdownExecutor' of LoadTimeWeaverAware bean 'entityManagerFactory': Error creating bean with name 'inMemoryDatabaseShutdownExecutor' defined in class path resource [org/springframework/boot/devtools/autoconfigure/DevToolsDataSourceAutoConfiguration.class]: Unsatisfied dependency expressed through method 'inMemoryDatabaseShutdownExecutor' parameter 0: Error creating bean with name 'dataSource' defined in class path resource [org/springframework/boot/jdbc/autoconfigure/DataSourceConfiguration$Hikari.class]: Failed to instantiate [com.zaxxer.hikari.HikariDataSource]: Factory method 'dataSource' threw exception with message: Failed to determine a suitable driver class
2026-09-10T17:25:02.133+05:30  INFO 16032 --- [zellpayment-api] [restartedMain] o.apache.catalina.core.StandardService   : Stopping service [Tomcat]
2026-09-10T17:25:02.145+05:30  INFO 16032 --- [zellpayment-api] [restartedMain] .s.b.a.l.ConditionEvaluationReportLogger : 

Error starting ApplicationContext. To display the condition evaluation report re-run your application with 'debug' enabled.
2026-09-10T17:25:02.156+05:30 ERROR 16032 --- [zellpayment-api] [restartedMain] o.s.b.d.LoggingFailureAnalysisReporter   : 

***************************
APPLICATION FAILED TO START
***************************

Description:

Failed to configure a DataSource: 'url' attribute is not specified and no embedded datasource could be configured.

Reason: Failed to determine a suitable driver class


Action:

Consider the following:
	If you want an embedded database (H2, HSQL or Derby), please put it on the classpath.
	If you have database settings to be loaded from a particular profile you may need to activate it (no profiles are currently active).

2026-09-10T17:27:52.554+05:30  INFO 32556 --- [zellpayment-api] [restartedMain] c.zellpayment.ZellpaymentApiApplication  : Starting ZellpaymentApiApplication using Java 26.0.2.1 with PID 32556 (C:\Xworkz Internship\zellpayment-api\zellpayment-api\build\classes\java\main started by SHASHANK in C:\Xworkz Internship\zellpayment-api\zellpayment-api)
2026-09-10T17:27:52.556+05:30 DEBUG 32556 --- [zellpayment-api] [restartedMain] c.zellpayment.ZellpaymentApiApplication  : Running with Spring Boot v4.1.1, Spring v7.0.9
2026-09-10T17:27:52.557+05:30  INFO 32556 --- [zellpayment-api] [restartedMain] c.zellpayment.ZellpaymentApiApplication  : No active profile set, falling back to 1 default profile: "default"
2026-09-10T17:27:52.602+05:30  INFO 32556 --- [zellpayment-api] [restartedMain] .e.DevToolsPropertyDefaultsPostProcessor : Devtools property defaults active! Set 'spring.devtools.add-properties' to 'false' to disable
2026-09-10T17:27:52.602+05:30  INFO 32556 --- [zellpayment-api] [restartedMain] .e.DevToolsPropertyDefaultsPostProcessor : For additional web related logging consider setting the 'logging.level.web' property to 'DEBUG'
2026-09-10T17:27:53.629+05:30  INFO 32556 --- [zellpayment-api] [restartedMain] .s.d.r.c.RepositoryConfigurationDelegate : Multiple Spring Data modules found, entering strict repository configuration mode
2026-09-10T17:27:53.631+05:30  INFO 32556 --- [zellpayment-api] [restartedMain] .s.d.r.c.RepositoryConfigurationDelegate : Bootstrapping Spring Data JPA repositories in DEFAULT mode.
2026-09-10T17:27:53.650+05:30  INFO 32556 --- [zellpayment-api] [restartedMain] .s.d.r.c.RepositoryConfigurationDelegate : Finished Spring Data repository scanning in 9 ms. Found 0 JPA repository interfaces.
2026-09-10T17:27:53.678+05:30  INFO 32556 --- [zellpayment-api] [restartedMain] .s.d.r.c.RepositoryConfigurationDelegate : Multiple Spring Data modules found, entering strict repository configuration mode
2026-09-10T17:27:53.678+05:30  INFO 32556 --- [zellpayment-api] [restartedMain] .s.d.r.c.RepositoryConfigurationDelegate : Bootstrapping Spring Data MongoDB repositories in DEFAULT mode.
2026-09-10T17:27:53.680+05:30  INFO 32556 --- [zellpayment-api] [restartedMain] .s.d.r.c.RepositoryConfigurationDelegate : Finished Spring Data repository scanning in 1 ms. Found 0 MongoDB repository interfaces.
2026-09-10T17:27:54.150+05:30  INFO 32556 --- [zellpayment-api] [restartedMain] o.s.boot.tomcat.TomcatWebServer          : Tomcat initialized with port 9090 (http)
2026-09-10T17:27:54.172+05:30  INFO 32556 --- [zellpayment-api] [restartedMain] o.apache.catalina.core.StandardService   : Starting service [Tomcat]
2026-09-10T17:27:54.172+05:30  INFO 32556 --- [zellpayment-api] [restartedMain] o.apache.catalina.core.StandardEngine    : Starting Servlet engine: [Apache Tomcat/11.0.24]
2026-09-10T17:27:54.217+05:30  INFO 32556 --- [zellpayment-api] [restartedMain] b.w.c.s.WebApplicationContextInitializer : Root WebApplicationContext: initialization completed in 1614 ms
2026-09-10T17:27:54.370+05:30  WARN 32556 --- [zellpayment-api] [restartedMain] ConfigServletWebServerApplicationContext : Exception encountered during context initialization - cancelling refresh attempt: org.springframework.beans.factory.BeanCreationException: Error creating bean with name 'entityManagerFactory' defined in class path resource [org/springframework/boot/hibernate/autoconfigure/HibernateJpaConfiguration.class]: Failed to initialize dependency 'inMemoryDatabaseShutdownExecutor' of LoadTimeWeaverAware bean 'entityManagerFactory': Error creating bean with name 'inMemoryDatabaseShutdownExecutor' defined in class path resource [org/springframework/boot/devtools/autoconfigure/DevToolsDataSourceAutoConfiguration.class]: Unsatisfied dependency expressed through method 'inMemoryDatabaseShutdownExecutor' parameter 0: Error creating bean with name 'dataSource' defined in class path resource [org/springframework/boot/jdbc/autoconfigure/DataSourceConfiguration$Hikari.class]: Failed to instantiate [com.zaxxer.hikari.HikariDataSource]: Factory method 'dataSource' threw exception with message: Failed to determine a suitable driver class
2026-09-10T17:27:54.374+05:30  INFO 32556 --- [zellpayment-api] [restartedMain] o.apache.catalina.core.StandardService   : Stopping service [Tomcat]
2026-09-10T17:27:54.389+05:30  INFO 32556 --- [zellpayment-api] [restartedMain] .s.b.a.l.ConditionEvaluationReportLogger : 

Error starting ApplicationContext. To display the condition evaluation report re-run your application with 'debug' enabled.
2026-09-10T17:27:54.402+05:30 ERROR 32556 --- [zellpayment-api] [restartedMain] o.s.b.d.LoggingFailureAnalysisReporter   : 

***************************
APPLICATION FAILED TO START
***************************

Description:

Failed to configure a DataSource: 'url' attribute is not specified and no embedded datasource could be configured.

Reason: Failed to determine a suitable driver class


Action:

Consider the following:
	If you want an embedded database (H2, HSQL or Derby), please put it on the classpath.
	If you have database settings to be loaded from a particular profile you may need to activate it (no profiles are currently active).

2026-09-10T17:30:17.515+05:30  INFO 7600 --- [zellpayment-api] [restartedMain] c.zellpayment.ZellpaymentApiApplication  : Starting ZellpaymentApiApplication using Java 26.0.2.1 with PID 7600 (C:\Xworkz Internship\zellpayment-api\zellpayment-api\build\classes\java\main started by SHASHANK in C:\Xworkz Internship\zellpayment-api\zellpayment-api)
2026-09-10T17:30:17.516+05:30 DEBUG 7600 --- [zellpayment-api] [restartedMain] c.zellpayment.ZellpaymentApiApplication  : Running with Spring Boot v4.1.1, Spring v7.0.9
2026-09-10T17:30:17.517+05:30  INFO 7600 --- [zellpayment-api] [restartedMain] c.zellpayment.ZellpaymentApiApplication  : No active profile set, falling back to 1 default profile: "default"
2026-09-10T17:30:17.580+05:30  INFO 7600 --- [zellpayment-api] [restartedMain] .e.DevToolsPropertyDefaultsPostProcessor : Devtools property defaults active! Set 'spring.devtools.add-properties' to 'false' to disable
2026-09-10T17:30:17.580+05:30  INFO 7600 --- [zellpayment-api] [restartedMain] .e.DevToolsPropertyDefaultsPostProcessor : For additional web related logging consider setting the 'logging.level.web' property to 'DEBUG'
2026-09-10T17:30:18.354+05:30  INFO 7600 --- [zellpayment-api] [restartedMain] .s.d.r.c.RepositoryConfigurationDelegate : Multiple Spring Data modules found, entering strict repository configuration mode
2026-09-10T17:30:18.355+05:30  INFO 7600 --- [zellpayment-api] [restartedMain] .s.d.r.c.RepositoryConfigurationDelegate : Bootstrapping Spring Data JPA repositories in DEFAULT mode.
2026-09-10T17:30:18.374+05:30  INFO 7600 --- [zellpayment-api] [restartedMain] .s.d.r.c.RepositoryConfigurationDelegate : Finished Spring Data repository scanning in 11 ms. Found 0 JPA repository interfaces.
2026-09-10T17:30:18.405+05:30  INFO 7600 --- [zellpayment-api] [restartedMain] .s.d.r.c.RepositoryConfigurationDelegate : Multiple Spring Data modules found, entering strict repository configuration mode
2026-09-10T17:30:18.405+05:30  INFO 7600 --- [zellpayment-api] [restartedMain] .s.d.r.c.RepositoryConfigurationDelegate : Bootstrapping Spring Data MongoDB repositories in DEFAULT mode.
2026-09-10T17:30:18.407+05:30  INFO 7600 --- [zellpayment-api] [restartedMain] .s.d.r.c.RepositoryConfigurationDelegate : Finished Spring Data repository scanning in 0 ms. Found 0 MongoDB repository interfaces.
2026-09-10T17:30:18.881+05:30  INFO 7600 --- [zellpayment-api] [restartedMain] o.s.boot.tomcat.TomcatWebServer          : Tomcat initialized with port 9090 (http)
2026-09-10T17:30:18.905+05:30  INFO 7600 --- [zellpayment-api] [restartedMain] o.apache.catalina.core.StandardService   : Starting service [Tomcat]
2026-09-10T17:30:18.906+05:30  INFO 7600 --- [zellpayment-api] [restartedMain] o.apache.catalina.core.StandardEngine    : Starting Servlet engine: [Apache Tomcat/11.0.24]
2026-09-10T17:30:18.944+05:30  INFO 7600 --- [zellpayment-api] [restartedMain] b.w.c.s.WebApplicationContextInitializer : Root WebApplicationContext: initialization completed in 1363 ms
2026-09-10T17:30:19.056+05:30  WARN 7600 --- [zellpayment-api] [restartedMain] ConfigServletWebServerApplicationContext : Exception encountered during context initialization - cancelling refresh attempt: org.springframework.beans.factory.BeanCreationException: Error creating bean with name 'entityManagerFactory' defined in class path resource [org/springframework/boot/hibernate/autoconfigure/HibernateJpaConfiguration.class]: Failed to initialize dependency 'inMemoryDatabaseShutdownExecutor' of LoadTimeWeaverAware bean 'entityManagerFactory': Error creating bean with name 'inMemoryDatabaseShutdownExecutor' defined in class path resource [org/springframework/boot/devtools/autoconfigure/DevToolsDataSourceAutoConfiguration.class]: Unsatisfied dependency expressed through method 'inMemoryDatabaseShutdownExecutor' parameter 0: Error creating bean with name 'dataSource' defined in class path resource [org/springframework/boot/jdbc/autoconfigure/DataSourceConfiguration$Hikari.class]: Failed to instantiate [com.zaxxer.hikari.HikariDataSource]: Factory method 'dataSource' threw exception with message: Failed to determine a suitable driver class
2026-09-10T17:30:19.062+05:30  INFO 7600 --- [zellpayment-api] [restartedMain] o.apache.catalina.core.StandardService   : Stopping service [Tomcat]
2026-09-10T17:30:19.080+05:30  INFO 7600 --- [zellpayment-api] [restartedMain] .s.b.a.l.ConditionEvaluationReportLogger : 

Error starting ApplicationContext. To display the condition evaluation report re-run your application with 'debug' enabled.
2026-09-10T17:30:19.099+05:30 ERROR 7600 --- [zellpayment-api] [restartedMain] o.s.b.d.LoggingFailureAnalysisReporter   : 

***************************
APPLICATION FAILED TO START
***************************

Description:

Failed to configure a DataSource: 'url' attribute is not specified and no embedded datasource could be configured.

Reason: Failed to determine a suitable driver class


Action:

Consider the following:
	If you want an embedded database (H2, HSQL or Derby), please put it on the classpath.
	If you have database settings to be loaded from a particular profile you may need to activate it (no profiles are currently active).

2026-09-10T17:31:08.358+05:30  INFO 30532 --- [zellpayment-api] [restartedMain] c.zellpayment.ZellpaymentApiApplication  : Starting ZellpaymentApiApplication using Java 26.0.2.1 with PID 30532 (C:\Xworkz Internship\zellpayment-api\zellpayment-api\build\classes\java\main started by SHASHANK in C:\Xworkz Internship\zellpayment-api\zellpayment-api)
2026-09-10T17:31:08.361+05:30 DEBUG 30532 --- [zellpayment-api] [restartedMain] c.zellpayment.ZellpaymentApiApplication  : Running with Spring Boot v4.1.1, Spring v7.0.9
2026-09-10T17:31:08.362+05:30  INFO 30532 --- [zellpayment-api] [restartedMain] c.zellpayment.ZellpaymentApiApplication  : No active profile set, falling back to 1 default profile: "default"
2026-09-10T17:31:08.416+05:30  INFO 30532 --- [zellpayment-api] [restartedMain] .e.DevToolsPropertyDefaultsPostProcessor : Devtools property defaults active! Set 'spring.devtools.add-properties' to 'false' to disable
2026-09-10T17:31:08.416+05:30  INFO 30532 --- [zellpayment-api] [restartedMain] .e.DevToolsPropertyDefaultsPostProcessor : For additional web related logging consider setting the 'logging.level.web' property to 'DEBUG'
2026-09-10T17:31:09.220+05:30  INFO 30532 --- [zellpayment-api] [restartedMain] .s.d.r.c.RepositoryConfigurationDelegate : Multiple Spring Data modules found, entering strict repository configuration mode
2026-09-10T17:31:09.221+05:30  INFO 30532 --- [zellpayment-api] [restartedMain] .s.d.r.c.RepositoryConfigurationDelegate : Bootstrapping Spring Data JPA repositories in DEFAULT mode.
2026-09-10T17:31:09.237+05:30  INFO 30532 --- [zellpayment-api] [restartedMain] .s.d.r.c.RepositoryConfigurationDelegate : Finished Spring Data repository scanning in 9 ms. Found 0 JPA repository interfaces.
2026-09-10T17:31:09.263+05:30  INFO 30532 --- [zellpayment-api] [restartedMain] .s.d.r.c.RepositoryConfigurationDelegate : Multiple Spring Data modules found, entering strict repository configuration mode
2026-09-10T17:31:09.263+05:30  INFO 30532 --- [zellpayment-api] [restartedMain] .s.d.r.c.RepositoryConfigurationDelegate : Bootstrapping Spring Data MongoDB repositories in DEFAULT mode.
2026-09-10T17:31:09.266+05:30  INFO 30532 --- [zellpayment-api] [restartedMain] .s.d.r.c.RepositoryConfigurationDelegate : Finished Spring Data repository scanning in 1 ms. Found 0 MongoDB repository interfaces.
2026-09-10T17:31:09.707+05:30  INFO 30532 --- [zellpayment-api] [restartedMain] o.s.boot.tomcat.TomcatWebServer          : Tomcat initialized with port 9090 (http)
2026-09-10T17:31:09.727+05:30  INFO 30532 --- [zellpayment-api] [restartedMain] o.apache.catalina.core.StandardService   : Starting service [Tomcat]
2026-09-10T17:31:09.727+05:30  INFO 30532 --- [zellpayment-api] [restartedMain] o.apache.catalina.core.StandardEngine    : Starting Servlet engine: [Apache Tomcat/11.0.24]
2026-09-10T17:31:09.770+05:30  INFO 30532 --- [zellpayment-api] [restartedMain] b.w.c.s.WebApplicationContextInitializer : Root WebApplicationContext: initialization completed in 1353 ms
2026-09-10T17:31:09.890+05:30  WARN 30532 --- [zellpayment-api] [restartedMain] ConfigServletWebServerApplicationContext : Exception encountered during context initialization - cancelling refresh attempt: org.springframework.beans.factory.BeanCreationException: Error creating bean with name 'entityManagerFactory' defined in class path resource [org/springframework/boot/hibernate/autoconfigure/HibernateJpaConfiguration.class]: Failed to initialize dependency 'inMemoryDatabaseShutdownExecutor' of LoadTimeWeaverAware bean 'entityManagerFactory': Error creating bean with name 'inMemoryDatabaseShutdownExecutor' defined in class path resource [org/springframework/boot/devtools/autoconfigure/DevToolsDataSourceAutoConfiguration.class]: Unsatisfied dependency expressed through method 'inMemoryDatabaseShutdownExecutor' parameter 0: Error creating bean with name 'dataSource' defined in class path resource [org/springframework/boot/jdbc/autoconfigure/DataSourceConfiguration$Hikari.class]: Failed to instantiate [com.zaxxer.hikari.HikariDataSource]: Factory method 'dataSource' threw exception with message: Failed to determine a suitable driver class
2026-09-10T17:31:09.894+05:30  INFO 30532 --- [zellpayment-api] [restartedMain] o.apache.catalina.core.StandardService   : Stopping service [Tomcat]
2026-09-10T17:31:09.905+05:30  INFO 30532 --- [zellpayment-api] [restartedMain] .s.b.a.l.ConditionEvaluationReportLogger : 

Error starting ApplicationContext. To display the condition evaluation report re-run your application with 'debug' enabled.
2026-09-10T17:31:09.919+05:30 ERROR 30532 --- [zellpayment-api] [restartedMain] o.s.b.d.LoggingFailureAnalysisReporter   : 

***************************
APPLICATION FAILED TO START
***************************

Description:

Failed to configure a DataSource: 'url' attribute is not specified and no embedded datasource could be configured.

Reason: Failed to determine a suitable driver class


Action:

Consider the following:
	If you want an embedded database (H2, HSQL or Derby), please put it on the classpath.
	If you have database settings to be loaded from a particular profile you may need to activate it (no profiles are currently active).

2026-09-10T17:31:37.228+05:30  INFO 31324 --- [zellpayment-api] [restartedMain] c.zellpayment.ZellpaymentApiApplication  : Starting ZellpaymentApiApplication using Java 26.0.2.1 with PID 31324 (C:\Xworkz Internship\zellpayment-api\zellpayment-api\build\classes\java\main started by SHASHANK in C:\Xworkz Internship\zellpayment-api\zellpayment-api)
2026-09-10T17:31:37.229+05:30 DEBUG 31324 --- [zellpayment-api] [restartedMain] c.zellpayment.ZellpaymentApiApplication  : Running with Spring Boot v4.1.1, Spring v7.0.9
2026-09-10T17:31:37.230+05:30  INFO 31324 --- [zellpayment-api] [restartedMain] c.zellpayment.ZellpaymentApiApplication  : The following 1 profile is active: "sit"
2026-09-10T17:31:37.281+05:30  INFO 31324 --- [zellpayment-api] [restartedMain] .e.DevToolsPropertyDefaultsPostProcessor : Devtools property defaults active! Set 'spring.devtools.add-properties' to 'false' to disable
2026-09-10T17:31:37.281+05:30  INFO 31324 --- [zellpayment-api] [restartedMain] .e.DevToolsPropertyDefaultsPostProcessor : For additional web related logging consider setting the 'logging.level.web' property to 'DEBUG'
2026-09-10T17:31:38.014+05:30  INFO 31324 --- [zellpayment-api] [restartedMain] .s.d.r.c.RepositoryConfigurationDelegate : Multiple Spring Data modules found, entering strict repository configuration mode
2026-09-10T17:31:38.015+05:30  INFO 31324 --- [zellpayment-api] [restartedMain] .s.d.r.c.RepositoryConfigurationDelegate : Bootstrapping Spring Data JPA repositories in DEFAULT mode.
2026-09-10T17:31:38.029+05:30  INFO 31324 --- [zellpayment-api] [restartedMain] .s.d.r.c.RepositoryConfigurationDelegate : Finished Spring Data repository scanning in 7 ms. Found 0 JPA repository interfaces.
2026-09-10T17:31:38.051+05:30  INFO 31324 --- [zellpayment-api] [restartedMain] .s.d.r.c.RepositoryConfigurationDelegate : Multiple Spring Data modules found, entering strict repository configuration mode
2026-09-10T17:31:38.052+05:30  INFO 31324 --- [zellpayment-api] [restartedMain] .s.d.r.c.RepositoryConfigurationDelegate : Bootstrapping Spring Data MongoDB repositories in DEFAULT mode.
2026-09-10T17:31:38.054+05:30  INFO 31324 --- [zellpayment-api] [restartedMain] .s.d.r.c.RepositoryConfigurationDelegate : Finished Spring Data repository scanning in 0 ms. Found 0 MongoDB repository interfaces.
2026-09-10T17:31:38.450+05:30  INFO 31324 --- [zellpayment-api] [restartedMain] o.s.boot.tomcat.TomcatWebServer          : Tomcat initialized with port 9091 (http)
2026-09-10T17:31:38.472+05:30  INFO 31324 --- [zellpayment-api] [restartedMain] o.apache.catalina.core.StandardService   : Starting service [Tomcat]
2026-09-10T17:31:38.472+05:30  INFO 31324 --- [zellpayment-api] [restartedMain] o.apache.catalina.core.StandardEngine    : Starting Servlet engine: [Apache Tomcat/11.0.24]
2026-09-10T17:31:38.521+05:30  INFO 31324 --- [zellpayment-api] [restartedMain] b.w.c.s.WebApplicationContextInitializer : Root WebApplicationContext: initialization completed in 1240 ms
2026-09-10T17:31:38.621+05:30  WARN 31324 --- [zellpayment-api] [restartedMain] ConfigServletWebServerApplicationContext : Exception encountered during context initialization - cancelling refresh attempt: org.springframework.beans.factory.BeanCreationException: Error creating bean with name 'entityManagerFactory' defined in class path resource [org/springframework/boot/hibernate/autoconfigure/HibernateJpaConfiguration.class]: Failed to initialize dependency 'inMemoryDatabaseShutdownExecutor' of LoadTimeWeaverAware bean 'entityManagerFactory': Error creating bean with name 'inMemoryDatabaseShutdownExecutor' defined in class path resource [org/springframework/boot/devtools/autoconfigure/DevToolsDataSourceAutoConfiguration.class]: Unsatisfied dependency expressed through method 'inMemoryDatabaseShutdownExecutor' parameter 0: Error creating bean with name 'dataSource' defined in class path resource [org/springframework/boot/jdbc/autoconfigure/DataSourceConfiguration$Hikari.class]: Failed to instantiate [com.zaxxer.hikari.HikariDataSource]: Factory method 'dataSource' threw exception with message: Failed to determine a suitable driver class
2026-09-10T17:31:38.624+05:30  INFO 31324 --- [zellpayment-api] [restartedMain] o.apache.catalina.core.StandardService   : Stopping service [Tomcat]
2026-09-10T17:31:38.635+05:30  INFO 31324 --- [zellpayment-api] [restartedMain] .s.b.a.l.ConditionEvaluationReportLogger : 

Error starting ApplicationContext. To display the condition evaluation report re-run your application with 'debug' enabled.
2026-09-10T17:31:38.645+05:30 ERROR 31324 --- [zellpayment-api] [restartedMain] o.s.b.d.LoggingFailureAnalysisReporter   : 

***************************
APPLICATION FAILED TO START
***************************

Description:

Failed to configure a DataSource: 'url' attribute is not specified and no embedded datasource could be configured.

Reason: Failed to determine a suitable driver class


Action:

Consider the following:
	If you want an embedded database (H2, HSQL or Derby), please put it on the classpath.
	If you have database settings to be loaded from a particular profile you may need to activate it (the profiles sit are currently active).

2026-09-10T17:32:02.412+05:30  INFO 15904 --- [zellpayment-api] [restartedMain] c.zellpayment.ZellpaymentApiApplication  : Starting ZellpaymentApiApplication using Java 26.0.2.1 with PID 15904 (C:\Xworkz Internship\zellpayment-api\zellpayment-api\build\classes\java\main started by SHASHANK in C:\Xworkz Internship\zellpayment-api\zellpayment-api)
2026-09-10T17:32:02.417+05:30 DEBUG 15904 --- [zellpayment-api] [restartedMain] c.zellpayment.ZellpaymentApiApplication  : Running with Spring Boot v4.1.1, Spring v7.0.9
2026-09-10T17:32:02.417+05:30  INFO 15904 --- [zellpayment-api] [restartedMain] c.zellpayment.ZellpaymentApiApplication  : The following 1 profile is active: "uat"
2026-09-10T17:32:02.452+05:30  INFO 15904 --- [zellpayment-api] [restartedMain] .e.DevToolsPropertyDefaultsPostProcessor : Devtools property defaults active! Set 'spring.devtools.add-properties' to 'false' to disable
2026-09-10T17:32:02.452+05:30  INFO 15904 --- [zellpayment-api] [restartedMain] .e.DevToolsPropertyDefaultsPostProcessor : For additional web related logging consider setting the 'logging.level.web' property to 'DEBUG'
2026-09-10T17:32:03.156+05:30  INFO 15904 --- [zellpayment-api] [restartedMain] .s.d.r.c.RepositoryConfigurationDelegate : Multiple Spring Data modules found, entering strict repository configuration mode
2026-09-10T17:32:03.158+05:30  INFO 15904 --- [zellpayment-api] [restartedMain] .s.d.r.c.RepositoryConfigurationDelegate : Bootstrapping Spring Data JPA repositories in DEFAULT mode.
2026-09-10T17:32:03.172+05:30  INFO 15904 --- [zellpayment-api] [restartedMain] .s.d.r.c.RepositoryConfigurationDelegate : Finished Spring Data repository scanning in 7 ms. Found 0 JPA repository interfaces.
2026-09-10T17:32:03.196+05:30  INFO 15904 --- [zellpayment-api] [restartedMain] .s.d.r.c.RepositoryConfigurationDelegate : Multiple Spring Data modules found, entering strict repository configuration mode
2026-09-10T17:32:03.197+05:30  INFO 15904 --- [zellpayment-api] [restartedMain] .s.d.r.c.RepositoryConfigurationDelegate : Bootstrapping Spring Data MongoDB repositories in DEFAULT mode.
2026-09-10T17:32:03.199+05:30  INFO 15904 --- [zellpayment-api] [restartedMain] .s.d.r.c.RepositoryConfigurationDelegate : Finished Spring Data repository scanning in 0 ms. Found 0 MongoDB repository interfaces.
2026-09-10T17:32:03.652+05:30  INFO 15904 --- [zellpayment-api] [restartedMain] o.s.boot.tomcat.TomcatWebServer          : Tomcat initialized with port 9092 (http)
2026-09-10T17:32:03.673+05:30  INFO 15904 --- [zellpayment-api] [restartedMain] o.apache.catalina.core.StandardService   : Starting service [Tomcat]
2026-09-10T17:32:03.674+05:30  INFO 15904 --- [zellpayment-api] [restartedMain] o.apache.catalina.core.StandardEngine    : Starting Servlet engine: [Apache Tomcat/11.0.24]
2026-09-10T17:32:03.709+05:30  INFO 15904 --- [zellpayment-api] [restartedMain] b.w.c.s.WebApplicationContextInitializer : Root WebApplicationContext: initialization completed in 1256 ms
2026-09-10T17:32:03.818+05:30  WARN 15904 --- [zellpayment-api] [restartedMain] ConfigServletWebServerApplicationContext : Exception encountered during context initialization - cancelling refresh attempt: org.springframework.beans.factory.BeanCreationException: Error creating bean with name 'entityManagerFactory' defined in class path resource [org/springframework/boot/hibernate/autoconfigure/HibernateJpaConfiguration.class]: Failed to initialize dependency 'inMemoryDatabaseShutdownExecutor' of LoadTimeWeaverAware bean 'entityManagerFactory': Error creating bean with name 'inMemoryDatabaseShutdownExecutor' defined in class path resource [org/springframework/boot/devtools/autoconfigure/DevToolsDataSourceAutoConfiguration.class]: Unsatisfied dependency expressed through method 'inMemoryDatabaseShutdownExecutor' parameter 0: Error creating bean with name 'dataSource' defined in class path resource [org/springframework/boot/jdbc/autoconfigure/DataSourceConfiguration$Hikari.class]: Failed to instantiate [com.zaxxer.hikari.HikariDataSource]: Factory method 'dataSource' threw exception with message: Failed to determine a suitable driver class
2026-09-10T17:32:03.821+05:30  INFO 15904 --- [zellpayment-api] [restartedMain] o.apache.catalina.core.StandardService   : Stopping service [Tomcat]
2026-09-10T17:32:03.831+05:30  INFO 15904 --- [zellpayment-api] [restartedMain] .s.b.a.l.ConditionEvaluationReportLogger : 

Error starting ApplicationContext. To display the condition evaluation report re-run your application with 'debug' enabled.
2026-09-10T17:32:03.841+05:30 ERROR 15904 --- [zellpayment-api] [restartedMain] o.s.b.d.LoggingFailureAnalysisReporter   : 

***************************
APPLICATION FAILED TO START
***************************

Description:

Failed to configure a DataSource: 'url' attribute is not specified and no embedded datasource could be configured.

Reason: Failed to determine a suitable driver class


Action:

Consider the following:
	If you want an embedded database (H2, HSQL or Derby), please put it on the classpath.
	If you have database settings to be loaded from a particular profile you may need to activate it (the profiles uat are currently active).

2026-09-10T17:34:53.967+05:30  INFO 26412 --- [zellpayment-api] [restartedMain] c.zellpayment.ZellpaymentApiApplication  : Starting ZellpaymentApiApplication using Java 26.0.2.1 with PID 26412 (C:\Xworkz Internship\zellpayment-api\zellpayment-api\build\classes\java\main started by SHASHANK in C:\Xworkz Internship\zellpayment-api\zellpayment-api)
2026-09-10T17:34:53.970+05:30 DEBUG 26412 --- [zellpayment-api] [restartedMain] c.zellpayment.ZellpaymentApiApplication  : Running with Spring Boot v4.1.1, Spring v7.0.9
2026-09-10T17:34:53.971+05:30  INFO 26412 --- [zellpayment-api] [restartedMain] c.zellpayment.ZellpaymentApiApplication  : No active profile set, falling back to 1 default profile: "default"
2026-09-10T17:34:54.017+05:30  INFO 26412 --- [zellpayment-api] [restartedMain] .e.DevToolsPropertyDefaultsPostProcessor : Devtools property defaults active! Set 'spring.devtools.add-properties' to 'false' to disable
2026-09-10T17:34:54.017+05:30  INFO 26412 --- [zellpayment-api] [restartedMain] .e.DevToolsPropertyDefaultsPostProcessor : For additional web related logging consider setting the 'logging.level.web' property to 'DEBUG'
2026-09-10T17:34:54.786+05:30  INFO 26412 --- [zellpayment-api] [restartedMain] .s.d.r.c.RepositoryConfigurationDelegate : Multiple Spring Data modules found, entering strict repository configuration mode
2026-09-10T17:34:54.787+05:30  INFO 26412 --- [zellpayment-api] [restartedMain] .s.d.r.c.RepositoryConfigurationDelegate : Bootstrapping Spring Data JPA repositories in DEFAULT mode.
2026-09-10T17:34:54.801+05:30  INFO 26412 --- [zellpayment-api] [restartedMain] .s.d.r.c.RepositoryConfigurationDelegate : Finished Spring Data repository scanning in 7 ms. Found 0 JPA repository interfaces.
2026-09-10T17:34:54.825+05:30  INFO 26412 --- [zellpayment-api] [restartedMain] .s.d.r.c.RepositoryConfigurationDelegate : Multiple Spring Data modules found, entering strict repository configuration mode
2026-09-10T17:34:54.825+05:30  INFO 26412 --- [zellpayment-api] [restartedMain] .s.d.r.c.RepositoryConfigurationDelegate : Bootstrapping Spring Data MongoDB repositories in DEFAULT mode.
2026-09-10T17:34:54.827+05:30  INFO 26412 --- [zellpayment-api] [restartedMain] .s.d.r.c.RepositoryConfigurationDelegate : Finished Spring Data repository scanning in 0 ms. Found 0 MongoDB repository interfaces.
2026-09-10T17:34:55.314+05:30  INFO 26412 --- [zellpayment-api] [restartedMain] o.s.boot.tomcat.TomcatWebServer          : Tomcat initialized with port 9090 (http)
2026-09-10T17:34:55.337+05:30  INFO 26412 --- [zellpayment-api] [restartedMain] o.apache.catalina.core.StandardService   : Starting service [Tomcat]
2026-09-10T17:34:55.337+05:30  INFO 26412 --- [zellpayment-api] [restartedMain] o.apache.catalina.core.StandardEngine    : Starting Servlet engine: [Apache Tomcat/11.0.24]
2026-09-10T17:34:55.400+05:30  INFO 26412 --- [zellpayment-api] [restartedMain] b.w.c.s.WebApplicationContextInitializer : Root WebApplicationContext: initialization completed in 1382 ms
2026-09-10T17:34:55.592+05:30  WARN 26412 --- [zellpayment-api] [restartedMain] ConfigServletWebServerApplicationContext : Exception encountered during context initialization - cancelling refresh attempt: org.springframework.beans.factory.BeanCreationException: Error creating bean with name 'entityManagerFactory' defined in class path resource [org/springframework/boot/hibernate/autoconfigure/HibernateJpaConfiguration.class]: Failed to initialize dependency 'inMemoryDatabaseShutdownExecutor' of LoadTimeWeaverAware bean 'entityManagerFactory': Error creating bean with name 'inMemoryDatabaseShutdownExecutor' defined in class path resource [org/springframework/boot/devtools/autoconfigure/DevToolsDataSourceAutoConfiguration.class]: Unsatisfied dependency expressed through method 'inMemoryDatabaseShutdownExecutor' parameter 0: Error creating bean with name 'dataSource' defined in class path resource [org/springframework/boot/jdbc/autoconfigure/DataSourceConfiguration$Hikari.class]: Failed to instantiate [com.zaxxer.hikari.HikariDataSource]: Factory method 'dataSource' threw exception with message: Failed to determine a suitable driver class
2026-09-10T17:34:55.599+05:30  INFO 26412 --- [zellpayment-api] [restartedMain] o.apache.catalina.core.StandardService   : Stopping service [Tomcat]
2026-09-10T17:34:55.615+05:30  INFO 26412 --- [zellpayment-api] [restartedMain] .s.b.a.l.ConditionEvaluationReportLogger : 

Error starting ApplicationContext. To display the condition evaluation report re-run your application with 'debug' enabled.
2026-09-10T17:34:55.632+05:30 ERROR 26412 --- [zellpayment-api] [restartedMain] o.s.b.d.LoggingFailureAnalysisReporter   : 

***************************
APPLICATION FAILED TO START
***************************

Description:

Failed to configure a DataSource: 'url' attribute is not specified and no embedded datasource could be configured.

Reason: Failed to determine a suitable driver class


Action:

Consider the following:
	If you want an embedded database (H2, HSQL or Derby), please put it on the classpath.
	If you have database settings to be loaded from a particular profile you may need to activate it (no profiles are currently active).

2026-09-10T17:37:54.632+05:30  INFO 11644 --- [zellpayment-api] [restartedMain] c.zellpayment.ZellpaymentApiApplication  : Starting ZellpaymentApiApplication using Java 26.0.2.1 with PID 11644 (C:\Xworkz Internship\zellpayment-api\zellpayment-api\build\classes\java\main started by SHASHANK in C:\Xworkz Internship\zellpayment-api\zellpayment-api)
2026-09-10T17:37:54.635+05:30 DEBUG 11644 --- [zellpayment-api] [restartedMain] c.zellpayment.ZellpaymentApiApplication  : Running with Spring Boot v4.1.1, Spring v7.0.9
2026-09-10T17:37:54.636+05:30  INFO 11644 --- [zellpayment-api] [restartedMain] c.zellpayment.ZellpaymentApiApplication  : No active profile set, falling back to 1 default profile: "default"
2026-09-10T17:37:54.689+05:30  INFO 11644 --- [zellpayment-api] [restartedMain] .e.DevToolsPropertyDefaultsPostProcessor : Devtools property defaults active! Set 'spring.devtools.add-properties' to 'false' to disable
2026-09-10T17:37:54.689+05:30  INFO 11644 --- [zellpayment-api] [restartedMain] .e.DevToolsPropertyDefaultsPostProcessor : For additional web related logging consider setting the 'logging.level.web' property to 'DEBUG'
2026-09-10T17:37:55.696+05:30  INFO 11644 --- [zellpayment-api] [restartedMain] .s.d.r.c.RepositoryConfigurationDelegate : Multiple Spring Data modules found, entering strict repository configuration mode
2026-09-10T17:37:55.699+05:30  INFO 11644 --- [zellpayment-api] [restartedMain] .s.d.r.c.RepositoryConfigurationDelegate : Bootstrapping Spring Data JPA repositories in DEFAULT mode.
2026-09-10T17:37:55.727+05:30  INFO 11644 --- [zellpayment-api] [restartedMain] .s.d.r.c.RepositoryConfigurationDelegate : Finished Spring Data repository scanning in 21 ms. Found 0 JPA repository interfaces.
2026-09-10T17:37:55.806+05:30  INFO 11644 --- [zellpayment-api] [restartedMain] .s.d.r.c.RepositoryConfigurationDelegate : Multiple Spring Data modules found, entering strict repository configuration mode
2026-09-10T17:37:55.807+05:30  INFO 11644 --- [zellpayment-api] [restartedMain] .s.d.r.c.RepositoryConfigurationDelegate : Bootstrapping Spring Data MongoDB repositories in DEFAULT mode.
2026-09-10T17:37:55.813+05:30  INFO 11644 --- [zellpayment-api] [restartedMain] .s.d.r.c.RepositoryConfigurationDelegate : Finished Spring Data repository scanning in 2 ms. Found 0 MongoDB repository interfaces.
2026-09-10T17:37:56.448+05:30  INFO 11644 --- [zellpayment-api] [restartedMain] o.s.boot.tomcat.TomcatWebServer          : Tomcat initialized with port 9090 (http)
2026-09-10T17:37:56.468+05:30  INFO 11644 --- [zellpayment-api] [restartedMain] o.apache.catalina.core.StandardService   : Starting service [Tomcat]
2026-09-10T17:37:56.469+05:30  INFO 11644 --- [zellpayment-api] [restartedMain] o.apache.catalina.core.StandardEngine    : Starting Servlet engine: [Apache Tomcat/11.0.24]
2026-09-10T17:37:56.527+05:30  INFO 11644 --- [zellpayment-api] [restartedMain] b.w.c.s.WebApplicationContextInitializer : Root WebApplicationContext: initialization completed in 1838 ms
2026-09-10T17:37:56.638+05:30  WARN 11644 --- [zellpayment-api] [restartedMain] ConfigServletWebServerApplicationContext : Exception encountered during context initialization - cancelling refresh attempt: org.springframework.beans.factory.BeanCreationException: Error creating bean with name 'entityManagerFactory' defined in class path resource [org/springframework/boot/hibernate/autoconfigure/HibernateJpaConfiguration.class]: Failed to initialize dependency 'inMemoryDatabaseShutdownExecutor' of LoadTimeWeaverAware bean 'entityManagerFactory': Error creating bean with name 'inMemoryDatabaseShutdownExecutor' defined in class path resource [org/springframework/boot/devtools/autoconfigure/DevToolsDataSourceAutoConfiguration.class]: Unsatisfied dependency expressed through method 'inMemoryDatabaseShutdownExecutor' parameter 0: Error creating bean with name 'dataSource' defined in class path resource [org/springframework/boot/jdbc/autoconfigure/DataSourceConfiguration$Hikari.class]: Failed to instantiate [com.zaxxer.hikari.HikariDataSource]: Factory method 'dataSource' threw exception with message: Failed to determine a suitable driver class
2026-09-10T17:37:56.641+05:30  INFO 11644 --- [zellpayment-api] [restartedMain] o.apache.catalina.core.StandardService   : Stopping service [Tomcat]
2026-09-10T17:37:56.655+05:30  INFO 11644 --- [zellpayment-api] [restartedMain] .s.b.a.l.ConditionEvaluationReportLogger : 

Error starting ApplicationContext. To display the condition evaluation report re-run your application with 'debug' enabled.
2026-09-10T17:37:56.667+05:30 ERROR 11644 --- [zellpayment-api] [restartedMain] o.s.b.d.LoggingFailureAnalysisReporter   : 

***************************
APPLICATION FAILED TO START
***************************

Description:

Failed to configure a DataSource: 'url' attribute is not specified and no embedded datasource could be configured.

Reason: Failed to determine a suitable driver class


Action:

Consider the following:
	If you want an embedded database (H2, HSQL or Derby), please put it on the classpath.
	If you have database settings to be loaded from a particular profile you may need to activate it (no profiles are currently active).

2026-09-10T17:38:26.607+05:30  INFO 3408 --- [zellpayment-api] [restartedMain] c.zellpayment.ZellpaymentApiApplication  : Starting ZellpaymentApiApplication using Java 26.0.2.1 with PID 3408 (C:\Xworkz Internship\zellpayment-api\zellpayment-api\build\classes\java\main started by SHASHANK in C:\Xworkz Internship\zellpayment-api\zellpayment-api)
2026-09-10T17:38:26.609+05:30 DEBUG 3408 --- [zellpayment-api] [restartedMain] c.zellpayment.ZellpaymentApiApplication  : Running with Spring Boot v4.1.1, Spring v7.0.9
2026-09-10T17:38:26.611+05:30  INFO 3408 --- [zellpayment-api] [restartedMain] c.zellpayment.ZellpaymentApiApplication  : The following 1 profile is active: "uat"
2026-09-10T17:38:26.652+05:30  INFO 3408 --- [zellpayment-api] [restartedMain] .e.DevToolsPropertyDefaultsPostProcessor : Devtools property defaults active! Set 'spring.devtools.add-properties' to 'false' to disable
2026-09-10T17:38:26.652+05:30  INFO 3408 --- [zellpayment-api] [restartedMain] .e.DevToolsPropertyDefaultsPostProcessor : For additional web related logging consider setting the 'logging.level.web' property to 'DEBUG'
2026-09-10T17:38:27.487+05:30  INFO 3408 --- [zellpayment-api] [restartedMain] .s.d.r.c.RepositoryConfigurationDelegate : Multiple Spring Data modules found, entering strict repository configuration mode
2026-09-10T17:38:27.489+05:30  INFO 3408 --- [zellpayment-api] [restartedMain] .s.d.r.c.RepositoryConfigurationDelegate : Bootstrapping Spring Data JPA repositories in DEFAULT mode.
2026-09-10T17:38:27.505+05:30  INFO 3408 --- [zellpayment-api] [restartedMain] .s.d.r.c.RepositoryConfigurationDelegate : Finished Spring Data repository scanning in 8 ms. Found 0 JPA repository interfaces.
2026-09-10T17:38:27.532+05:30  INFO 3408 --- [zellpayment-api] [restartedMain] .s.d.r.c.RepositoryConfigurationDelegate : Multiple Spring Data modules found, entering strict repository configuration mode
2026-09-10T17:38:27.533+05:30  INFO 3408 --- [zellpayment-api] [restartedMain] .s.d.r.c.RepositoryConfigurationDelegate : Bootstrapping Spring Data MongoDB repositories in DEFAULT mode.
2026-09-10T17:38:27.535+05:30  INFO 3408 --- [zellpayment-api] [restartedMain] .s.d.r.c.RepositoryConfigurationDelegate : Finished Spring Data repository scanning in 1 ms. Found 0 MongoDB repository interfaces.
2026-09-10T17:38:28.004+05:30  INFO 3408 --- [zellpayment-api] [restartedMain] o.s.boot.tomcat.TomcatWebServer          : Tomcat initialized with port 9092 (http)
2026-09-10T17:38:28.032+05:30  INFO 3408 --- [zellpayment-api] [restartedMain] o.apache.catalina.core.StandardService   : Starting service [Tomcat]
2026-09-10T17:38:28.033+05:30  INFO 3408 --- [zellpayment-api] [restartedMain] o.apache.catalina.core.StandardEngine    : Starting Servlet engine: [Apache Tomcat/11.0.24]
2026-09-10T17:38:28.099+05:30  INFO 3408 --- [zellpayment-api] [restartedMain] b.w.c.s.WebApplicationContextInitializer : Root WebApplicationContext: initialization completed in 1447 ms
2026-09-10T17:38:28.296+05:30  WARN 3408 --- [zellpayment-api] [restartedMain] ConfigServletWebServerApplicationContext : Exception encountered during context initialization - cancelling refresh attempt: org.springframework.beans.factory.BeanCreationException: Error creating bean with name 'entityManagerFactory' defined in class path resource [org/springframework/boot/hibernate/autoconfigure/HibernateJpaConfiguration.class]: Failed to initialize dependency 'inMemoryDatabaseShutdownExecutor' of LoadTimeWeaverAware bean 'entityManagerFactory': Error creating bean with name 'inMemoryDatabaseShutdownExecutor' defined in class path resource [org/springframework/boot/devtools/autoconfigure/DevToolsDataSourceAutoConfiguration.class]: Unsatisfied dependency expressed through method 'inMemoryDatabaseShutdownExecutor' parameter 0: Error creating bean with name 'dataSource' defined in class path resource [org/springframework/boot/jdbc/autoconfigure/DataSourceConfiguration$Hikari.class]: Failed to instantiate [com.zaxxer.hikari.HikariDataSource]: Factory method 'dataSource' threw exception with message: Failed to load driver class oracle.jdbc.OracleDriver
2026-09-10T17:38:28.301+05:30  INFO 3408 --- [zellpayment-api] [restartedMain] o.apache.catalina.core.StandardService   : Stopping service [Tomcat]
2026-09-10T17:38:28.319+05:30  INFO 3408 --- [zellpayment-api] [restartedMain] .s.b.a.l.ConditionEvaluationReportLogger : 

Error starting ApplicationContext. To display the condition evaluation report re-run your application with 'debug' enabled.
2026-09-10T17:38:28.343+05:30 ERROR 3408 --- [zellpayment-api] [restartedMain] o.s.boot.SpringApplication               : Application run failed

org.springframework.beans.factory.BeanCreationException: Error creating bean with name 'entityManagerFactory' defined in class path resource [org/springframework/boot/hibernate/autoconfigure/HibernateJpaConfiguration.class]: Failed to initialize dependency 'inMemoryDatabaseShutdownExecutor' of LoadTimeWeaverAware bean 'entityManagerFactory': Error creating bean with name 'inMemoryDatabaseShutdownExecutor' defined in class path resource [org/springframework/boot/devtools/autoconfigure/DevToolsDataSourceAutoConfiguration.class]: Unsatisfied dependency expressed through method 'inMemoryDatabaseShutdownExecutor' parameter 0: Error creating bean with name 'dataSource' defined in class path resource [org/springframework/boot/jdbc/autoconfigure/DataSourceConfiguration$Hikari.class]: Failed to instantiate [com.zaxxer.hikari.HikariDataSource]: Factory method 'dataSource' threw exception with message: Failed to load driver class oracle.jdbc.OracleDriver
	at org.springframework.beans.factory.support.AbstractBeanFactory.doGetBean(AbstractBeanFactory.java:322) ~[spring-beans-7.0.9.jar:7.0.9]
	at org.springframework.beans.factory.support.AbstractBeanFactory.getBean(AbstractBeanFactory.java:201) ~[spring-beans-7.0.9.jar:7.0.9]
	at org.springframework.context.support.AbstractApplicationContext.finishBeanFactoryInitialization(AbstractApplicationContext.java:977) ~[spring-context-7.0.9.jar:7.0.9]
	at org.springframework.context.support.AbstractApplicationContext.refresh(AbstractApplicationContext.java:621) ~[spring-context-7.0.9.jar:7.0.9]
	at org.springframework.boot.web.server.servlet.context.ServletWebServerApplicationContext.refresh(ServletWebServerApplicationContext.java:143) ~[spring-boot-web-server-4.1.1.jar:4.1.1]
	at org.springframework.boot.SpringApplication.refresh(SpringApplication.java:756) ~[spring-boot-4.1.1.jar:4.1.1]
	at org.springframework.boot.SpringApplication.refreshContext(SpringApplication.java:445) ~[spring-boot-4.1.1.jar:4.1.1]
	at org.springframework.boot.SpringApplication.run(SpringApplication.java:321) ~[spring-boot-4.1.1.jar:4.1.1]
	at org.springframework.boot.SpringApplication.run(SpringApplication.java:1365) ~[spring-boot-4.1.1.jar:4.1.1]
	at org.springframework.boot.SpringApplication.run(SpringApplication.java:1354) ~[spring-boot-4.1.1.jar:4.1.1]
	at com.zellpayment.ZellpaymentApiApplication.main(ZellpaymentApiApplication.java:12) ~[main/:na]
	at java.base/jdk.internal.reflect.DirectMethodHandleAccessor.invoke(DirectMethodHandleAccessor.java:104) ~[na:na]
	at java.base/java.lang.reflect.Method.invoke(Method.java:565) ~[na:na]
	at org.springframework.boot.devtools.restart.RestartLauncher.run(RestartLauncher.java:52) ~[spring-boot-devtools-4.1.1.jar:4.1.1]
Caused by: org.springframework.beans.factory.UnsatisfiedDependencyException: Error creating bean with name 'inMemoryDatabaseShutdownExecutor' defined in class path resource [org/springframework/boot/devtools/autoconfigure/DevToolsDataSourceAutoConfiguration.class]: Unsatisfied dependency expressed through method 'inMemoryDatabaseShutdownExecutor' parameter 0: Error creating bean with name 'dataSource' defined in class path resource [org/springframework/boot/jdbc/autoconfigure/DataSourceConfiguration$Hikari.class]: Failed to instantiate [com.zaxxer.hikari.HikariDataSource]: Factory method 'dataSource' threw exception with message: Failed to load driver class oracle.jdbc.OracleDriver
	at org.springframework.beans.factory.support.ConstructorResolver.createArgumentArray(ConstructorResolver.java:804) ~[spring-beans-7.0.9.jar:7.0.9]
	at org.springframework.beans.factory.support.ConstructorResolver.instantiateUsingFactoryMethod(ConstructorResolver.java:546) ~[spring-beans-7.0.9.jar:7.0.9]
	at org.springframework.beans.factory.support.AbstractAutowireCapableBeanFactory.instantiateUsingFactoryMethod(AbstractAutowireCapableBeanFactory.java:1360) ~[spring-beans-7.0.9.jar:7.0.9]
	at org.springframework.beans.factory.support.AbstractAutowireCapableBeanFactory.createBeanInstance(AbstractAutowireCapableBeanFactory.java:1192) ~[spring-beans-7.0.9.jar:7.0.9]
	at org.springframework.beans.factory.support.AbstractAutowireCapableBeanFactory.doCreateBean(AbstractAutowireCapableBeanFactory.java:565) ~[spring-beans-7.0.9.jar:7.0.9]
	at org.springframework.beans.factory.support.AbstractAutowireCapableBeanFactory.createBean(AbstractAutowireCapableBeanFactory.java:525) ~[spring-beans-7.0.9.jar:7.0.9]
	at org.springframework.beans.factory.support.AbstractBeanFactory.lambda$doGetBean$0(AbstractBeanFactory.java:333) ~[spring-beans-7.0.9.jar:7.0.9]
	at org.springframework.beans.factory.support.DefaultSingletonBeanRegistry.getSingleton(DefaultSingletonBeanRegistry.java:371) ~[spring-beans-7.0.9.jar:7.0.9]
	at org.springframework.beans.factory.support.AbstractBeanFactory.doGetBean(AbstractBeanFactory.java:331) ~[spring-beans-7.0.9.jar:7.0.9]
	at org.springframework.beans.factory.support.AbstractBeanFactory.getBean(AbstractBeanFactory.java:196) ~[spring-beans-7.0.9.jar:7.0.9]
	at org.springframework.beans.factory.support.AbstractBeanFactory.doGetBean(AbstractBeanFactory.java:309) ~[spring-beans-7.0.9.jar:7.0.9]
	... 13 common frames omitted
Caused by: org.springframework.beans.factory.BeanCreationException: Error creating bean with name 'dataSource' defined in class path resource [org/springframework/boot/jdbc/autoconfigure/DataSourceConfiguration$Hikari.class]: Failed to instantiate [com.zaxxer.hikari.HikariDataSource]: Factory method 'dataSource' threw exception with message: Failed to load driver class oracle.jdbc.OracleDriver
	at org.springframework.beans.factory.support.ConstructorResolver.instantiate(ConstructorResolver.java:657) ~[spring-beans-7.0.9.jar:7.0.9]
	at org.springframework.beans.factory.support.ConstructorResolver.instantiateUsingFactoryMethod(ConstructorResolver.java:645) ~[spring-beans-7.0.9.jar:7.0.9]
	at org.springframework.beans.factory.support.AbstractAutowireCapableBeanFactory.instantiateUsingFactoryMethod(AbstractAutowireCapableBeanFactory.java:1360) ~[spring-beans-7.0.9.jar:7.0.9]
	at org.springframework.beans.factory.support.AbstractAutowireCapableBeanFactory.createBeanInstance(AbstractAutowireCapableBeanFactory.java:1192) ~[spring-beans-7.0.9.jar:7.0.9]
	at org.springframework.beans.factory.support.AbstractAutowireCapableBeanFactory.doCreateBean(AbstractAutowireCapableBeanFactory.java:565) ~[spring-beans-7.0.9.jar:7.0.9]
	at org.springframework.beans.factory.support.AbstractAutowireCapableBeanFactory.createBean(AbstractAutowireCapableBeanFactory.java:525) ~[spring-beans-7.0.9.jar:7.0.9]
	at org.springframework.beans.factory.support.AbstractBeanFactory.lambda$doGetBean$0(AbstractBeanFactory.java:333) ~[spring-beans-7.0.9.jar:7.0.9]
	at org.springframework.beans.factory.support.DefaultSingletonBeanRegistry.getSingleton(DefaultSingletonBeanRegistry.java:371) ~[spring-beans-7.0.9.jar:7.0.9]
	at org.springframework.beans.factory.support.AbstractBeanFactory.doGetBean(AbstractBeanFactory.java:331) ~[spring-beans-7.0.9.jar:7.0.9]
	at org.springframework.beans.factory.support.AbstractBeanFactory.getBean(AbstractBeanFactory.java:201) ~[spring-beans-7.0.9.jar:7.0.9]
	at org.springframework.beans.factory.support.DefaultListableBeanFactory.resolveBean(DefaultListableBeanFactory.java:1232) ~[spring-beans-7.0.9.jar:7.0.9]
	at org.springframework.beans.factory.support.DefaultListableBeanFactory.doResolveDependency(DefaultListableBeanFactory.java:1711) ~[spring-beans-7.0.9.jar:7.0.9]
	at org.springframework.beans.factory.support.DefaultListableBeanFactory.resolveDependency(DefaultListableBeanFactory.java:1658) ~[spring-beans-7.0.9.jar:7.0.9]
	at org.springframework.beans.factory.support.ConstructorResolver.resolveAutowiredArgument(ConstructorResolver.java:912) ~[spring-beans-7.0.9.jar:7.0.9]
	at org.springframework.beans.factory.support.ConstructorResolver.createArgumentArray(ConstructorResolver.java:791) ~[spring-beans-7.0.9.jar:7.0.9]
	... 23 common frames omitted
Caused by: org.springframework.beans.BeanInstantiationException: Failed to instantiate [com.zaxxer.hikari.HikariDataSource]: Factory method 'dataSource' threw exception with message: Failed to load driver class oracle.jdbc.OracleDriver
	at org.springframework.beans.factory.support.SimpleInstantiationStrategy.lambda$instantiate$0(SimpleInstantiationStrategy.java:183) ~[spring-beans-7.0.9.jar:7.0.9]
	at org.springframework.beans.factory.support.SimpleInstantiationStrategy.instantiateWithFactoryMethod(SimpleInstantiationStrategy.java:72) ~[spring-beans-7.0.9.jar:7.0.9]
	at org.springframework.beans.factory.support.SimpleInstantiationStrategy.instantiate(SimpleInstantiationStrategy.java:152) ~[spring-beans-7.0.9.jar:7.0.9]
	at org.springframework.beans.factory.support.ConstructorResolver.instantiate(ConstructorResolver.java:653) ~[spring-beans-7.0.9.jar:7.0.9]
	... 37 common frames omitted
Caused by: java.lang.RuntimeException: Failed to load driver class oracle.jdbc.OracleDriver
	at com.zaxxer.hikari.HikariConfig.setDriverClassName(HikariConfig.java:510) ~[HikariCP-7.0.2.jar:na]
	at org.springframework.boot.jdbc.DataSourceBuilder$MappedDataSourceProperty.set(DataSourceBuilder.java:479) ~[spring-boot-jdbc-4.1.1.jar:4.1.1]
	at org.springframework.boot.jdbc.DataSourceBuilder$MappedDataSourceProperties.set(DataSourceBuilder.java:368) ~[spring-boot-jdbc-4.1.1.jar:4.1.1]
	at org.springframework.boot.jdbc.DataSourceBuilder.build(DataSourceBuilder.java:188) ~[spring-boot-jdbc-4.1.1.jar:4.1.1]
	at org.springframework.boot.jdbc.autoconfigure.DataSourceConfiguration.createDataSource(DataSourceConfiguration.java:68) ~[spring-boot-jdbc-4.1.1.jar:4.1.1]
	at org.springframework.boot.jdbc.autoconfigure.DataSourceConfiguration$Hikari.dataSource(DataSourceConfiguration.java:128) ~[spring-boot-jdbc-4.1.1.jar:4.1.1]
	at java.base/jdk.internal.reflect.DirectMethodHandleAccessor.invoke(DirectMethodHandleAccessor.java:104) ~[na:na]
	at java.base/java.lang.reflect.Method.invoke(Method.java:565) ~[na:na]
	at org.springframework.beans.factory.support.SimpleInstantiationStrategy.lambda$instantiate$0(SimpleInstantiationStrategy.java:155) ~[spring-beans-7.0.9.jar:7.0.9]
	... 40 common frames omitted
Caused by: java.lang.RuntimeException: Failed to load class oracle.jdbc.OracleDriver
	at com.zaxxer.hikari.util.UtilityElf.createInstance(UtilityElf.java:155) ~[HikariCP-7.0.2.jar:na]
	at com.zaxxer.hikari.util.UtilityElf.createInstance(UtilityElf.java:105) ~[HikariCP-7.0.2.jar:na]
	at com.zaxxer.hikari.HikariConfig.setDriverClassName(HikariConfig.java:506) ~[HikariCP-7.0.2.jar:na]
	... 48 common frames omitted
Caused by: java.lang.ClassNotFoundException: oracle.jdbc.OracleDriver
	at java.base/jdk.internal.loader.BuiltinClassLoader.loadClass(BuiltinClassLoader.java:580) ~[na:na]
	at java.base/java.lang.ClassLoader.loadClass(ClassLoader.java:502) ~[na:na]
	at com.zaxxer.hikari.util.UtilityElf.createInstance(UtilityElf.java:127) ~[HikariCP-7.0.2.jar:na]
	... 50 common frames omitted

2026-09-10T17:40:10.117+05:30  INFO 15480 --- [zellpayment-api] [restartedMain] c.zellpayment.ZellpaymentApiApplication  : Starting ZellpaymentApiApplication using Java 26.0.2.1 with PID 15480 (C:\Xworkz Internship\zellpayment-api\zellpayment-api\build\classes\java\main started by SHASHANK in C:\Xworkz Internship\zellpayment-api\zellpayment-api)
2026-09-10T17:40:10.119+05:30 DEBUG 15480 --- [zellpayment-api] [restartedMain] c.zellpayment.ZellpaymentApiApplication  : Running with Spring Boot v4.1.1, Spring v7.0.9
2026-09-10T17:40:10.119+05:30  INFO 15480 --- [zellpayment-api] [restartedMain] c.zellpayment.ZellpaymentApiApplication  : The following 1 profile is active: "uat"
2026-09-10T17:40:10.169+05:30  INFO 15480 --- [zellpayment-api] [restartedMain] .e.DevToolsPropertyDefaultsPostProcessor : Devtools property defaults active! Set 'spring.devtools.add-properties' to 'false' to disable
2026-09-10T17:40:10.169+05:30  INFO 15480 --- [zellpayment-api] [restartedMain] .e.DevToolsPropertyDefaultsPostProcessor : For additional web related logging consider setting the 'logging.level.web' property to 'DEBUG'
2026-09-10T17:40:10.986+05:30  INFO 15480 --- [zellpayment-api] [restartedMain] .s.d.r.c.RepositoryConfigurationDelegate : Multiple Spring Data modules found, entering strict repository configuration mode
2026-09-10T17:40:10.987+05:30  INFO 15480 --- [zellpayment-api] [restartedMain] .s.d.r.c.RepositoryConfigurationDelegate : Bootstrapping Spring Data JPA repositories in DEFAULT mode.
2026-09-10T17:40:11.001+05:30  INFO 15480 --- [zellpayment-api] [restartedMain] .s.d.r.c.RepositoryConfigurationDelegate : Finished Spring Data repository scanning in 7 ms. Found 0 JPA repository interfaces.
2026-09-10T17:40:11.024+05:30  INFO 15480 --- [zellpayment-api] [restartedMain] .s.d.r.c.RepositoryConfigurationDelegate : Multiple Spring Data modules found, entering strict repository configuration mode
2026-09-10T17:40:11.026+05:30  INFO 15480 --- [zellpayment-api] [restartedMain] .s.d.r.c.RepositoryConfigurationDelegate : Bootstrapping Spring Data MongoDB repositories in DEFAULT mode.
2026-09-10T17:40:11.027+05:30  INFO 15480 --- [zellpayment-api] [restartedMain] .s.d.r.c.RepositoryConfigurationDelegate : Finished Spring Data repository scanning in 1 ms. Found 0 MongoDB repository interfaces.
2026-09-10T17:40:11.445+05:30  INFO 15480 --- [zellpayment-api] [restartedMain] o.s.boot.tomcat.TomcatWebServer          : Tomcat initialized with port 9092 (http)
2026-09-10T17:40:11.470+05:30  INFO 15480 --- [zellpayment-api] [restartedMain] o.apache.catalina.core.StandardService   : Starting service [Tomcat]
2026-09-10T17:40:11.471+05:30  INFO 15480 --- [zellpayment-api] [restartedMain] o.apache.catalina.core.StandardEngine    : Starting Servlet engine: [Apache Tomcat/11.0.24]
2026-09-10T17:40:11.527+05:30  INFO 15480 --- [zellpayment-api] [restartedMain] b.w.c.s.WebApplicationContextInitializer : Root WebApplicationContext: initialization completed in 1357 ms
2026-09-10T17:40:11.645+05:30  WARN 15480 --- [zellpayment-api] [restartedMain] ConfigServletWebServerApplicationContext : Exception encountered during context initialization - cancelling refresh attempt: org.springframework.beans.factory.BeanCreationException: Error creating bean with name 'entityManagerFactory' defined in class path resource [org/springframework/boot/hibernate/autoconfigure/HibernateJpaConfiguration.class]: Failed to initialize dependency 'inMemoryDatabaseShutdownExecutor' of LoadTimeWeaverAware bean 'entityManagerFactory': Error creating bean with name 'inMemoryDatabaseShutdownExecutor' defined in class path resource [org/springframework/boot/devtools/autoconfigure/DevToolsDataSourceAutoConfiguration.class]: Unsatisfied dependency expressed through method 'inMemoryDatabaseShutdownExecutor' parameter 0: Error creating bean with name 'dataSource' defined in class path resource [org/springframework/boot/jdbc/autoconfigure/DataSourceConfiguration$Hikari.class]: Failed to instantiate [com.zaxxer.hikari.HikariDataSource]: Factory method 'dataSource' threw exception with message: Failed to determine a suitable driver class
2026-09-10T17:40:11.649+05:30  INFO 15480 --- [zellpayment-api] [restartedMain] o.apache.catalina.core.StandardService   : Stopping service [Tomcat]
2026-09-10T17:40:11.663+05:30  INFO 15480 --- [zellpayment-api] [restartedMain] .s.b.a.l.ConditionEvaluationReportLogger : 

Error starting ApplicationContext. To display the condition evaluation report re-run your application with 'debug' enabled.
2026-09-10T17:40:11.678+05:30 ERROR 15480 --- [zellpayment-api] [restartedMain] o.s.b.d.LoggingFailureAnalysisReporter   : 

***************************
APPLICATION FAILED TO START
***************************

Description:

Failed to configure a DataSource: 'url' attribute is not specified and no embedded datasource could be configured.

Reason: Failed to determine a suitable driver class


Action:

Consider the following:
	If you want an embedded database (H2, HSQL or Derby), please put it on the classpath.
	If you have database settings to be loaded from a particular profile you may need to activate it (the profiles uat are currently active).

2026-09-10 17:56:37 [restartedMain] INFO  c.z.ZellpaymentApiApplication - Starting ZellpaymentApiApplication using Java 26.0.2.1 with PID 11960 (C:\Xworkz Internship\zellpayment-api\zellpayment-api\build\classes\java\main started by SHASHANK in C:\Xworkz Internship\zellpayment-api\zellpayment-api)
2026-09-10 17:56:37 [restartedMain] DEBUG c.z.ZellpaymentApiApplication - Running with Spring Boot v4.1.1, Spring v7.0.9
2026-09-10 17:56:37 [restartedMain] INFO  c.z.ZellpaymentApiApplication - The following 1 profile is active: "uat"
2026-09-10 17:56:37 [restartedMain] INFO  o.s.b.d.e.DevToolsPropertyDefaultsPostProcessor - Devtools property defaults active! Set 'spring.devtools.add-properties' to 'false' to disable
2026-09-10 17:56:37 [restartedMain] INFO  o.s.b.d.e.DevToolsPropertyDefaultsPostProcessor - For additional web related logging consider setting the 'logging.level.web' property to 'DEBUG'
2026-09-10 17:56:38 [restartedMain] INFO  o.s.d.r.c.RepositoryConfigurationDelegate - Multiple Spring Data modules found, entering strict repository configuration mode
2026-09-10 17:56:38 [restartedMain] INFO  o.s.d.r.c.RepositoryConfigurationDelegate - Bootstrapping Spring Data JPA repositories in DEFAULT mode.
2026-09-10 17:56:38 [restartedMain] INFO  o.s.d.r.c.RepositoryConfigurationDelegate - Finished Spring Data repository scanning in 7 ms. Found 0 JPA repository interfaces.
2026-09-10 17:56:38 [restartedMain] INFO  o.s.d.r.c.RepositoryConfigurationDelegate - Multiple Spring Data modules found, entering strict repository configuration mode
2026-09-10 17:56:38 [restartedMain] INFO  o.s.d.r.c.RepositoryConfigurationDelegate - Bootstrapping Spring Data MongoDB repositories in DEFAULT mode.
2026-09-10 17:56:38 [restartedMain] INFO  o.s.d.r.c.RepositoryConfigurationDelegate - Finished Spring Data repository scanning in 1 ms. Found 0 MongoDB repository interfaces.
2026-09-10 17:56:39 [restartedMain] INFO  o.s.boot.tomcat.TomcatWebServer - Tomcat initialized with port 9092 (http)
2026-09-10 17:56:39 [restartedMain] INFO  o.a.catalina.core.StandardService - Starting service [Tomcat]
2026-09-10 17:56:39 [restartedMain] INFO  o.a.catalina.core.StandardEngine - Starting Servlet engine: [Apache Tomcat/11.0.24]
2026-09-10 17:56:39 [restartedMain] INFO  o.s.b.w.c.s.WebApplicationContextInitializer - Root WebApplicationContext: initialization completed in 1637 ms
2026-09-10 17:56:39 [restartedMain] WARN  o.s.b.w.s.s.c.AnnotationConfigServletWebServerApplicationContext - Exception encountered during context initialization - cancelling refresh attempt: org.springframework.beans.factory.BeanCreationException: Error creating bean with name 'entityManagerFactory' defined in class path resource [org/springframework/boot/hibernate/autoconfigure/HibernateJpaConfiguration.class]: Failed to initialize dependency 'inMemoryDatabaseShutdownExecutor' of LoadTimeWeaverAware bean 'entityManagerFactory': Error creating bean with name 'inMemoryDatabaseShutdownExecutor' defined in class path resource [org/springframework/boot/devtools/autoconfigure/DevToolsDataSourceAutoConfiguration.class]: Unsatisfied dependency expressed through method 'inMemoryDatabaseShutdownExecutor' parameter 0: Error creating bean with name 'dataSource' defined in class path resource [org/springframework/boot/jdbc/autoconfigure/DataSourceConfiguration$Hikari.class]: Failed to instantiate [com.zaxxer.hikari.HikariDataSource]: Factory method 'dataSource' threw exception with message: Failed to determine a suitable driver class
2026-09-10 17:56:39 [restartedMain] INFO  o.a.catalina.core.StandardService - Stopping service [Tomcat]
2026-09-10 17:56:39 [restartedMain] INFO  o.s.b.a.l.ConditionEvaluationReportLogger - 

Error starting ApplicationContext. To display the condition evaluation report re-run your application with 'debug' enabled.
2026-09-10 17:56:39 [restartedMain] ERROR o.s.b.d.LoggingFailureAnalysisReporter - 

***************************
APPLICATION FAILED TO START
***************************

Description:

Failed to configure a DataSource: 'url' attribute is not specified and no embedded datasource could be configured.

Reason: Failed to determine a suitable driver class


Action:

Consider the following:
	If you want an embedded database (H2, HSQL or Derby), please put it on the classpath.
	If you have database settings to be loaded from a particular profile you may need to activate it (the profiles uat are currently active).

